schema_version: charness.reviewer_worker_report.v1
execution_mode: file-backed-worker
backend: codex_exec
capability_status: ready
capability_envelope_sha256: 28cb0f1d3d601800661d75b180c688ec47fe1f164ccfd593c22bae8fd3d2715f
capability_launch_envelope_sha256: 28cb0f1d3d601800661d75b180c688ec47fe1f164ccfd593c22bae8fd3d2715f
capability_collection_envelope_sha256: 28cb0f1d3d601800661d75b180c688ec47fe1f164ccfd593c22bae8fd3d2715f
capability_non_claims: []
capability_non_claims_sha256: 4f53cda18c2baa0c0354bb5f9a3ecbe5ed12ab4d8e11ba873c2f11161202b945
scope: 'issue-resolution #877 #878 #879: verify each fix resolves its reported defect'
attempt_id: release-8-14-3-issue-resolution
boundary_mode: read-only-worker
boundary_fingerprint: null
prompt_sha256: 288258d1fb6fdf2a77d7170171ee034b2856294cc6bf211c9dcd1f956ef2d3a6
schema_sha256: 67288fc99eab9333366dfd0e07094b5b9dfec0f91f95b4e4cdc8a508a41c0304
receipt_schema_version: charness.reviewer_worker.v1
receipt_status: succeeded
receipt_path: /home/hwidong/codes/charness/.charness/scratch/critique-review/review-834fdf96adaed3c90b7a850f549987ed/receipt.json
ledger_path: /home/hwidong/codes/charness/.charness/scratch/critique-review/review-834fdf96adaed3c90b7a850f549987ed/delivery.json
producer_run_id: run-release-8-14-3-issue-resolution
producer_binding:
  output_file: /home/hwidong/codes/charness/.charness/scratch/critique-review/review-834fdf96adaed3c90b7a850f549987ed/result.json
  receipt_file: /home/hwidong/codes/charness/.charness/scratch/critique-review/review-834fdf96adaed3c90b7a850f549987ed/receipt.json
  producer_run_id: run-release-8-14-3-issue-resolution
delivery_state: findings-received
approval_eligible: false
provenance_ok: true
receipt_ok: true
ledger_ok: true
result_schema_ok: true
coverage_ok: null
expected_targets: null
expected_targets_sha256: null
collection_ready: true
partial_output: null
partial_output_ok: false
review_verdict: block
receipt_provenance_ok: true
findings_identity: 017e0aa000817be64b6977f59bf4378b11e00893f2d5b0e1c30daf1c755819c5
receipt_output_sha256: 017e0aa000817be64b6977f59bf4378b11e00893f2d5b0e1c30daf1c755819c5
packet_identity: 13906134ef14e8f3fa58a0cd2833652b57e56b71d7efd0be8fb9c440e2d28026
reviewed_input_identity: dd4c637e4edc38f0393686ffc1ecb4aaf7999b890237905567cf7c7fe609dc62
parent_receipt_identity: parent-6e20e81795186711d7fd4628fd7b1aa9ff6f1037a99d76b5
provenance:
  scope: 'issue-resolution #877 #878 #879: verify each fix resolves its reported defect'
  packet_identity: 13906134ef14e8f3fa58a0cd2833652b57e56b71d7efd0be8fb9c440e2d28026
  reviewed_input_identity: dd4c637e4edc38f0393686ffc1ecb4aaf7999b890237905567cf7c7fe609dc62
  parent_receipt_identity: parent-6e20e81795186711d7fd4628fd7b1aa9ff6f1037a99d76b5
  expected_targets_sha256: null
  attempt_id: release-8-14-3-issue-resolution
  attempt_scope: 'issue-resolution #877 #878 #879: verify each fix resolves its reported
    defect'
  attempt_packet_identity: 13906134ef14e8f3fa58a0cd2833652b57e56b71d7efd0be8fb9c440e2d28026
  attempt_parent_receipt_identity: parent-6e20e81795186711d7fd4628fd7b1aa9ff6f1037a99d76b5
  result_packet_identity: 13906134ef14e8f3fa58a0cd2833652b57e56b71d7efd0be8fb9c440e2d28026
  result_reviewed_input_identity: dd4c637e4edc38f0393686ffc1ecb4aaf7999b890237905567cf7c7fe609dc62
  boundary_mode: read-only-worker
  boundary_fingerprint: null
  execution_mode: file-backed-worker
  backend: codex_exec
  prompt_sha256: 288258d1fb6fdf2a77d7170171ee034b2856294cc6bf211c9dcd1f956ef2d3a6
  schema_sha256: 67288fc99eab9333366dfd0e07094b5b9dfec0f91f95b4e4cdc8a508a41c0304
  capability_launch_envelope_sha256: 28cb0f1d3d601800661d75b180c688ec47fe1f164ccfd593c22bae8fd3d2715f
  capability_non_claims_sha256: 4f53cda18c2baa0c0354bb5f9a3ecbe5ed12ab4d8e11ba873c2f11161202b945
reason: 'typed reviewer verdict is not pass: ''block'''
partial_output_reason: worker did not preserve partial output bytes
