schema_version: charness.reviewer_worker_report.v1
execution_mode: file-backed-worker
backend: codex_exec
capability_status: ready
capability_envelope_sha256: 28cb0f1d3d601800661d75b180c688ec47fe1f164ccfd593c22bae8fd3d2715f
capability_launch_envelope_sha256: 28cb0f1d3d601800661d75b180c688ec47fe1f164ccfd593c22bae8fd3d2715f
capability_collection_envelope_sha256: 28cb0f1d3d601800661d75b180c688ec47fe1f164ccfd593c22bae8fd3d2715f
capability_non_claims: []
capability_non_claims_sha256: 4f53cda18c2baa0c0354bb5f9a3ecbe5ed12ab4d8e11ba873c2f11161202b945
scope: 'repair of F1: mixed-scope merge refusal in the interrupted-lane checkpoint'
attempt_id: release-8-14-3-correctness-followup
boundary_mode: read-only-worker
boundary_fingerprint: null
prompt_sha256: 94053db679811a493c0ed694f28e80b2e9feadf6564fc23571626c568d1ea791
schema_sha256: 67288fc99eab9333366dfd0e07094b5b9dfec0f91f95b4e4cdc8a508a41c0304
receipt_schema_version: charness.reviewer_worker.v1
receipt_status: succeeded
receipt_path: /home/hwidong/codes/charness/.charness/scratch/critique-review/review-6e8570cedbd943f81b26213bf6171926/receipt.json
ledger_path: /home/hwidong/codes/charness/.charness/scratch/critique-review/review-6e8570cedbd943f81b26213bf6171926/delivery.json
producer_run_id: run-release-8-14-3-correctness-followup
producer_binding:
  output_file: /home/hwidong/codes/charness/.charness/scratch/critique-review/review-6e8570cedbd943f81b26213bf6171926/result.json
  receipt_file: /home/hwidong/codes/charness/.charness/scratch/critique-review/review-6e8570cedbd943f81b26213bf6171926/receipt.json
  producer_run_id: run-release-8-14-3-correctness-followup
delivery_state: findings-received
approval_eligible: false
provenance_ok: true
receipt_ok: true
ledger_ok: true
result_schema_ok: true
coverage_ok: null
expected_targets: null
expected_targets_sha256: null
collection_ready: true
partial_output: null
partial_output_ok: false
review_verdict: defer
receipt_provenance_ok: true
findings_identity: f6a33eebc7045759742ec4b39b9823ad19c0f71e130276ef520335303c578368
receipt_output_sha256: f6a33eebc7045759742ec4b39b9823ad19c0f71e130276ef520335303c578368
packet_identity: 8d91b163336d620da93b1b6fd11413ddb59b03bbc0b9501f36cdc2a50fcfb0f5
reviewed_input_identity: 6d5f3fa255be6197e6e2c4443ac90b7cc90fe5d4d9d96ce773f88339e3268f2c
parent_receipt_identity: parent-0ac6064cfba28d4e991af1a41290fb812d4fe19ee7cfa306
provenance:
  scope: 'repair of F1: mixed-scope merge refusal in the interrupted-lane checkpoint'
  packet_identity: 8d91b163336d620da93b1b6fd11413ddb59b03bbc0b9501f36cdc2a50fcfb0f5
  reviewed_input_identity: 6d5f3fa255be6197e6e2c4443ac90b7cc90fe5d4d9d96ce773f88339e3268f2c
  parent_receipt_identity: parent-0ac6064cfba28d4e991af1a41290fb812d4fe19ee7cfa306
  expected_targets_sha256: null
  attempt_id: release-8-14-3-correctness-followup
  attempt_scope: 'repair of F1: mixed-scope merge refusal in the interrupted-lane
    checkpoint'
  attempt_packet_identity: 8d91b163336d620da93b1b6fd11413ddb59b03bbc0b9501f36cdc2a50fcfb0f5
  attempt_parent_receipt_identity: parent-0ac6064cfba28d4e991af1a41290fb812d4fe19ee7cfa306
  result_packet_identity: 8d91b163336d620da93b1b6fd11413ddb59b03bbc0b9501f36cdc2a50fcfb0f5
  result_reviewed_input_identity: 6d5f3fa255be6197e6e2c4443ac90b7cc90fe5d4d9d96ce773f88339e3268f2c
  boundary_mode: read-only-worker
  boundary_fingerprint: null
  execution_mode: file-backed-worker
  backend: codex_exec
  prompt_sha256: 94053db679811a493c0ed694f28e80b2e9feadf6564fc23571626c568d1ea791
  schema_sha256: 67288fc99eab9333366dfd0e07094b5b9dfec0f91f95b4e4cdc8a508a41c0304
  capability_launch_envelope_sha256: 28cb0f1d3d601800661d75b180c688ec47fe1f164ccfd593c22bae8fd3d2715f
  capability_non_claims_sha256: 4f53cda18c2baa0c0354bb5f9a3ecbe5ed12ab4d8e11ba873c2f11161202b945
reason: 'typed reviewer verdict is not pass: ''defer'''
partial_output_reason: worker did not preserve partial output bytes
