schema_version: charness.reviewer_worker_report.v1
execution_mode: file-backed-worker
backend: codex_exec
capability_status: ready
capability_envelope_sha256: 28cb0f1d3d601800661d75b180c688ec47fe1f164ccfd593c22bae8fd3d2715f
capability_launch_envelope_sha256: 28cb0f1d3d601800661d75b180c688ec47fe1f164ccfd593c22bae8fd3d2715f
capability_collection_envelope_sha256: 28cb0f1d3d601800661d75b180c688ec47fe1f164ccfd593c22bae8fd3d2715f
capability_non_claims: []
capability_non_claims_sha256: 4f53cda18c2baa0c0354bb5f9a3ecbe5ed12ab4d8e11ba873c2f11161202b945
scope: release-critique
attempt_id: v893-release-critique-a
boundary_mode: read-only-worker
boundary_fingerprint: null
prompt_sha256: 6af8870bc02bb91a5ec5f5a92f7262cd452345cb706b8b9f1bc7b457a9172f85
schema_sha256: 67288fc99eab9333366dfd0e07094b5b9dfec0f91f95b4e4cdc8a508a41c0304
receipt_schema_version: charness.reviewer_worker.v1
receipt_status: succeeded
receipt_path: /home/hwidong/codes/charness/.charness/scratch/critique-review/review-e78569866f34ccf7c068b8e58cbe63e7/receipt.json
ledger_path: /home/hwidong/codes/charness/.charness/scratch/critique-review/review-e78569866f34ccf7c068b8e58cbe63e7/delivery.json
producer_run_id: run-v893-release-critique-a
producer_binding:
  output_file: /home/hwidong/codes/charness/.charness/scratch/critique-review/review-e78569866f34ccf7c068b8e58cbe63e7/result.json
  receipt_file: /home/hwidong/codes/charness/.charness/scratch/critique-review/review-e78569866f34ccf7c068b8e58cbe63e7/receipt.json
  producer_run_id: run-v893-release-critique-a
delivery_state: findings-received
approval_eligible: false
provenance_ok: true
receipt_ok: true
ledger_ok: true
result_schema_ok: true
coverage_ok: null
expected_targets: null
expected_targets_sha256: null
collection_ready: true
partial_output: null
partial_output_ok: false
review_verdict: block
receipt_provenance_ok: true
findings_identity: e5084a1ac286f78d7a35054a943b951949cbf004b445d38e9f556c7c06295c14
receipt_output_sha256: e5084a1ac286f78d7a35054a943b951949cbf004b445d38e9f556c7c06295c14
packet_identity: 170827c8ddb01456eb08552530544cc59b46d8048ca91a89628772fca2f99994
reviewed_input_identity: a91b1b080a6be7c8da5251b2280597e0087254780d6e5cde7ea48c35eb174ac5
parent_receipt_identity: parent-d8616b934cc9276e88e4854ed969f42448f073f32ef6c082
provenance:
  scope: release-critique
  packet_identity: 170827c8ddb01456eb08552530544cc59b46d8048ca91a89628772fca2f99994
  reviewed_input_identity: a91b1b080a6be7c8da5251b2280597e0087254780d6e5cde7ea48c35eb174ac5
  parent_receipt_identity: parent-d8616b934cc9276e88e4854ed969f42448f073f32ef6c082
  expected_targets_sha256: null
  attempt_id: v893-release-critique-a
  attempt_scope: release-critique
  attempt_packet_identity: 170827c8ddb01456eb08552530544cc59b46d8048ca91a89628772fca2f99994
  attempt_parent_receipt_identity: parent-d8616b934cc9276e88e4854ed969f42448f073f32ef6c082
  result_packet_identity: 170827c8ddb01456eb08552530544cc59b46d8048ca91a89628772fca2f99994
  result_reviewed_input_identity: a91b1b080a6be7c8da5251b2280597e0087254780d6e5cde7ea48c35eb174ac5
  boundary_mode: read-only-worker
  boundary_fingerprint: null
  execution_mode: file-backed-worker
  backend: codex_exec
  prompt_sha256: 6af8870bc02bb91a5ec5f5a92f7262cd452345cb706b8b9f1bc7b457a9172f85
  schema_sha256: 67288fc99eab9333366dfd0e07094b5b9dfec0f91f95b4e4cdc8a508a41c0304
  capability_launch_envelope_sha256: 28cb0f1d3d601800661d75b180c688ec47fe1f164ccfd593c22bae8fd3d2715f
  capability_non_claims_sha256: 4f53cda18c2baa0c0354bb5f9a3ecbe5ed12ab4d8e11ba873c2f11161202b945
reason: 'typed reviewer verdict is not pass: ''block'''
partial_output_reason: worker did not preserve partial output bytes
