schema_version: charness.reviewer_worker_report.v1
execution_mode: file-backed-worker
backend: codex_exec
capability_status: ready
capability_envelope_sha256: 28cb0f1d3d601800661d75b180c688ec47fe1f164ccfd593c22bae8fd3d2715f
capability_launch_envelope_sha256: 28cb0f1d3d601800661d75b180c688ec47fe1f164ccfd593c22bae8fd3d2715f
capability_collection_envelope_sha256: 28cb0f1d3d601800661d75b180c688ec47fe1f164ccfd593c22bae8fd3d2715f
capability_non_claims: []
capability_non_claims_sha256: 4f53cda18c2baa0c0354bb5f9a3ecbe5ed12ab4d8e11ba873c2f11161202b945
scope: 'Bounded follow-up of your retained lifecycle findings. Four red tests reproduced
  the concrete failures; repaired paths plus consumers are bound here. 79 focused
  tests and 20 release edge tests passed. Reassess only repaired findings and direct
  regression risk; no new workflow implementation, whole-host isolation, #764 or full
  quality requests. Approval is final-manifest commit after lifecycle and integrity
  readback; lifecycle projection may be rewritten within the same identity-bound attempt
  on retry. Classifier exposes the verified generated-commit boundary to the authorization
  consumer. Parent retains historical non-claims.'
attempt_id: release-863-repair-lifecycle-20260912
boundary_mode: read-only-worker
boundary_fingerprint: null
prompt_sha256: 1f48f14ddb89347e49aff7eec48c61f79b9adccb2e790e79036ef3de38080646
schema_sha256: 67288fc99eab9333366dfd0e07094b5b9dfec0f91f95b4e4cdc8a508a41c0304
receipt_schema_version: charness.reviewer_worker.v1
receipt_status: succeeded
receipt_path: /home/hwidong/codes/charness/.charness/scratch/critique-review/review-495690ab660833bfc740d2474fef144b/receipt.json
ledger_path: /home/hwidong/codes/charness/.charness/scratch/critique-review/review-495690ab660833bfc740d2474fef144b/delivery.json
producer_run_id: run-release-863-repair-lifecycle-20260912
producer_binding:
  output_file: /home/hwidong/codes/charness/.charness/scratch/critique-review/review-495690ab660833bfc740d2474fef144b/result.json
  receipt_file: /home/hwidong/codes/charness/.charness/scratch/critique-review/review-495690ab660833bfc740d2474fef144b/receipt.json
  producer_run_id: run-release-863-repair-lifecycle-20260912
delivery_state: findings-received
approval_eligible: true
provenance_ok: true
receipt_ok: true
ledger_ok: true
result_schema_ok: true
collection_ready: true
partial_output: null
partial_output_ok: false
review_verdict: pass
receipt_provenance_ok: true
findings_identity: 5e43645580681529d982b0a755360e6a768d3f5882eecf5ede42d0c88b6f3756
receipt_output_sha256: 5e43645580681529d982b0a755360e6a768d3f5882eecf5ede42d0c88b6f3756
packet_identity: ff941d23eab058054fa10f359c2207516aaaafa6c4cc869ea29e6db62b966575
reviewed_input_identity: eec12df9d9d310c2767efc6022fab3f125d93033c68e9e14763a99fbb3f4b8cf
parent_receipt_identity: parent-6de53bd707be0e5068eba761dbaccf237e145c1d8167ef22
provenance:
  scope: 'Bounded follow-up of your retained lifecycle findings. Four red tests reproduced
    the concrete failures; repaired paths plus consumers are bound here. 79 focused
    tests and 20 release edge tests passed. Reassess only repaired findings and direct
    regression risk; no new workflow implementation, whole-host isolation, #764 or
    full quality requests. Approval is final-manifest commit after lifecycle and integrity
    readback; lifecycle projection may be rewritten within the same identity-bound
    attempt on retry. Classifier exposes the verified generated-commit boundary to
    the authorization consumer. Parent retains historical non-claims.'
  packet_identity: ff941d23eab058054fa10f359c2207516aaaafa6c4cc869ea29e6db62b966575
  reviewed_input_identity: eec12df9d9d310c2767efc6022fab3f125d93033c68e9e14763a99fbb3f4b8cf
  parent_receipt_identity: parent-6de53bd707be0e5068eba761dbaccf237e145c1d8167ef22
  attempt_id: release-863-repair-lifecycle-20260912
  attempt_scope: 'Bounded follow-up of your retained lifecycle findings. Four red
    tests reproduced the concrete failures; repaired paths plus consumers are bound
    here. 79 focused tests and 20 release edge tests passed. Reassess only repaired
    findings and direct regression risk; no new workflow implementation, whole-host
    isolation, #764 or full quality requests. Approval is final-manifest commit after
    lifecycle and integrity readback; lifecycle projection may be rewritten within
    the same identity-bound attempt on retry. Classifier exposes the verified generated-commit
    boundary to the authorization consumer. Parent retains historical non-claims.'
  attempt_packet_identity: ff941d23eab058054fa10f359c2207516aaaafa6c4cc869ea29e6db62b966575
  attempt_parent_receipt_identity: parent-6de53bd707be0e5068eba761dbaccf237e145c1d8167ef22
  result_packet_identity: ff941d23eab058054fa10f359c2207516aaaafa6c4cc869ea29e6db62b966575
  result_reviewed_input_identity: eec12df9d9d310c2767efc6022fab3f125d93033c68e9e14763a99fbb3f4b8cf
  boundary_mode: read-only-worker
  boundary_fingerprint: null
  execution_mode: file-backed-worker
  backend: codex_exec
  prompt_sha256: 1f48f14ddb89347e49aff7eec48c61f79b9adccb2e790e79036ef3de38080646
  schema_sha256: 67288fc99eab9333366dfd0e07094b5b9dfec0f91f95b4e4cdc8a508a41c0304
  capability_launch_envelope_sha256: 28cb0f1d3d601800661d75b180c688ec47fe1f164ccfd593c22bae8fd3d2715f
  capability_non_claims_sha256: 4f53cda18c2baa0c0354bb5f9a3ecbe5ed12ab4d8e11ba873c2f11161202b945
reason: typed worker receipt and matching delivery ledger permit approval
partial_output_reason: worker did not preserve partial output bytes
