schema_version: charness.reviewer_worker_report.v1
execution_mode: file-backed-worker
backend: codex_exec
capability_status: ready
capability_envelope_sha256: 28cb0f1d3d601800661d75b180c688ec47fe1f164ccfd593c22bae8fd3d2715f
capability_launch_envelope_sha256: 28cb0f1d3d601800661d75b180c688ec47fe1f164ccfd593c22bae8fd3d2715f
capability_collection_envelope_sha256: 28cb0f1d3d601800661d75b180c688ec47fe1f164ccfd593c22bae8fd3d2715f
capability_non_claims: []
capability_non_claims_sha256: 4f53cda18c2baa0c0354bb5f9a3ecbe5ed12ab4d8e11ba873c2f11161202b945
scope: require-change phase observability, no-progress guard, unchanged-interrupt
  classification, and round-1 critique answers
attempt_id: v896-critique-a2
boundary_mode: read-only-worker
boundary_fingerprint: null
prompt_sha256: 0c6fa98c6e7b65d5280456d457da4a7a9180769ea826cd722b3e7c330a7a9857
schema_sha256: 67288fc99eab9333366dfd0e07094b5b9dfec0f91f95b4e4cdc8a508a41c0304
receipt_schema_version: charness.reviewer_worker.v1
receipt_status: succeeded
receipt_path: /home/hwidong/codes/charness/.charness/scratch/critique-review/review-653837961899717d734fa4676be89ced/receipt.json
ledger_path: /home/hwidong/codes/charness/.charness/scratch/critique-review/review-653837961899717d734fa4676be89ced/delivery.json
producer_run_id: run-v896-critique-a2
producer_binding:
  output_file: /home/hwidong/codes/charness/.charness/scratch/critique-review/review-653837961899717d734fa4676be89ced/result.json
  receipt_file: /home/hwidong/codes/charness/.charness/scratch/critique-review/review-653837961899717d734fa4676be89ced/receipt.json
  producer_run_id: run-v896-critique-a2
delivery_state: findings-received
approval_eligible: false
provenance_ok: true
receipt_ok: true
ledger_ok: true
result_schema_ok: true
coverage_ok: null
expected_targets: null
expected_targets_sha256: null
collection_ready: true
partial_output: null
partial_output_ok: false
review_verdict: block
receipt_provenance_ok: true
findings_identity: ee445ea7032431bcc82c291a75d1aefdf0159195a662808afde8f1415201f847
receipt_output_sha256: ee445ea7032431bcc82c291a75d1aefdf0159195a662808afde8f1415201f847
packet_identity: 4604513003e6b10479617f2927df2c19064955031ef6f6dbcf1d9fa5369ea8b8
reviewed_input_identity: aec251e1697cce17131e74e57bd642b7ab9f7082d74e82321d2f05e8f3f88b78
parent_receipt_identity: parent-ac1594b802cf86b33393c6a6e7306dca3935b67daa4cc0da
provenance:
  scope: require-change phase observability, no-progress guard, unchanged-interrupt
    classification, and round-1 critique answers
  packet_identity: 4604513003e6b10479617f2927df2c19064955031ef6f6dbcf1d9fa5369ea8b8
  reviewed_input_identity: aec251e1697cce17131e74e57bd642b7ab9f7082d74e82321d2f05e8f3f88b78
  parent_receipt_identity: parent-ac1594b802cf86b33393c6a6e7306dca3935b67daa4cc0da
  expected_targets_sha256: null
  attempt_id: v896-critique-a2
  attempt_scope: require-change phase observability, no-progress guard, unchanged-interrupt
    classification, and round-1 critique answers
  attempt_packet_identity: 4604513003e6b10479617f2927df2c19064955031ef6f6dbcf1d9fa5369ea8b8
  attempt_parent_receipt_identity: parent-ac1594b802cf86b33393c6a6e7306dca3935b67daa4cc0da
  result_packet_identity: 4604513003e6b10479617f2927df2c19064955031ef6f6dbcf1d9fa5369ea8b8
  result_reviewed_input_identity: aec251e1697cce17131e74e57bd642b7ab9f7082d74e82321d2f05e8f3f88b78
  boundary_mode: read-only-worker
  boundary_fingerprint: null
  execution_mode: file-backed-worker
  backend: codex_exec
  prompt_sha256: 0c6fa98c6e7b65d5280456d457da4a7a9180769ea826cd722b3e7c330a7a9857
  schema_sha256: 67288fc99eab9333366dfd0e07094b5b9dfec0f91f95b4e4cdc8a508a41c0304
  capability_launch_envelope_sha256: 28cb0f1d3d601800661d75b180c688ec47fe1f164ccfd593c22bae8fd3d2715f
  capability_non_claims_sha256: 4f53cda18c2baa0c0354bb5f9a3ecbe5ed12ab4d8e11ba873c2f11161202b945
reason: 'typed reviewer verdict is not pass: ''block'''
partial_output_reason: worker did not preserve partial output bytes
