schema_version: charness.reviewer_worker_report.v1
execution_mode: file-backed-worker
backend: codex_exec
capability_status: ready
capability_envelope_sha256: 28cb0f1d3d601800661d75b180c688ec47fe1f164ccfd593c22bae8fd3d2715f
capability_launch_envelope_sha256: 28cb0f1d3d601800661d75b180c688ec47fe1f164ccfd593c22bae8fd3d2715f
capability_collection_envelope_sha256: 28cb0f1d3d601800661d75b180c688ec47fe1f164ccfd593c22bae8fd3d2715f
capability_non_claims: []
capability_non_claims_sha256: 4f53cda18c2baa0c0354bb5f9a3ecbe5ed12ab4d8e11ba873c2f11161202b945
scope: cumulative declared-blocker retention for linger enforcement
attempt_id: v896-critique-d
boundary_mode: read-only-worker
boundary_fingerprint: null
prompt_sha256: 23b711b373b8b15babfe71bba7c3491b178ca8f796db8e5b4197d4430ba0fe30
schema_sha256: 67288fc99eab9333366dfd0e07094b5b9dfec0f91f95b4e4cdc8a508a41c0304
receipt_schema_version: charness.reviewer_worker.v1
receipt_status: succeeded
receipt_path: /home/hwidong/codes/charness/.charness/scratch/critique-review/review-fe113350802b9bff0a9474a9c06d174b/receipt.json
ledger_path: /home/hwidong/codes/charness/.charness/scratch/critique-review/review-fe113350802b9bff0a9474a9c06d174b/delivery.json
producer_run_id: run-v896-critique-d
producer_binding:
  output_file: /home/hwidong/codes/charness/.charness/scratch/critique-review/review-fe113350802b9bff0a9474a9c06d174b/result.json
  receipt_file: /home/hwidong/codes/charness/.charness/scratch/critique-review/review-fe113350802b9bff0a9474a9c06d174b/receipt.json
  producer_run_id: run-v896-critique-d
delivery_state: findings-received
approval_eligible: true
provenance_ok: true
receipt_ok: true
ledger_ok: true
result_schema_ok: true
coverage_ok: null
expected_targets: null
expected_targets_sha256: null
collection_ready: true
partial_output: null
partial_output_ok: false
review_verdict: pass
receipt_provenance_ok: true
findings_identity: 60b8ccb64c14b0f3d7c0105341c22572e700bd3268fc5444e332ae4e987814c0
receipt_output_sha256: 60b8ccb64c14b0f3d7c0105341c22572e700bd3268fc5444e332ae4e987814c0
packet_identity: 6880c98f141f1b320cdff77269c33d7c7d7b3303365903a9673d7cc266817963
reviewed_input_identity: f7d118a8837480ee7e8088336d0d42dc26695fcd72a13e8703e6087ec4994317
parent_receipt_identity: parent-640df6faafa497e6c7f6be23de34897978800364f740ee16
provenance:
  scope: cumulative declared-blocker retention for linger enforcement
  packet_identity: 6880c98f141f1b320cdff77269c33d7c7d7b3303365903a9673d7cc266817963
  reviewed_input_identity: f7d118a8837480ee7e8088336d0d42dc26695fcd72a13e8703e6087ec4994317
  parent_receipt_identity: parent-640df6faafa497e6c7f6be23de34897978800364f740ee16
  expected_targets_sha256: null
  attempt_id: v896-critique-d
  attempt_scope: cumulative declared-blocker retention for linger enforcement
  attempt_packet_identity: 6880c98f141f1b320cdff77269c33d7c7d7b3303365903a9673d7cc266817963
  attempt_parent_receipt_identity: parent-640df6faafa497e6c7f6be23de34897978800364f740ee16
  result_packet_identity: 6880c98f141f1b320cdff77269c33d7c7d7b3303365903a9673d7cc266817963
  result_reviewed_input_identity: f7d118a8837480ee7e8088336d0d42dc26695fcd72a13e8703e6087ec4994317
  boundary_mode: read-only-worker
  boundary_fingerprint: null
  execution_mode: file-backed-worker
  backend: codex_exec
  prompt_sha256: 23b711b373b8b15babfe71bba7c3491b178ca8f796db8e5b4197d4430ba0fe30
  schema_sha256: 67288fc99eab9333366dfd0e07094b5b9dfec0f91f95b4e4cdc8a508a41c0304
  capability_launch_envelope_sha256: 28cb0f1d3d601800661d75b180c688ec47fe1f164ccfd593c22bae8fd3d2715f
  capability_non_claims_sha256: 4f53cda18c2baa0c0354bb5f9a3ecbe5ed12ab4d8e11ba873c2f11161202b945
reason: typed worker receipt and matching delivery ledger permit approval
partial_output_reason: worker did not preserve partial output bytes
