schema_version: charness.reviewer_worker_report.v1
execution_mode: file-backed-worker
backend: codex_exec
capability_status: ready
capability_envelope_sha256: 28cb0f1d3d601800661d75b180c688ec47fe1f164ccfd593c22bae8fd3d2715f
capability_launch_envelope_sha256: 28cb0f1d3d601800661d75b180c688ec47fe1f164ccfd593c22bae8fd3d2715f
capability_collection_envelope_sha256: 28cb0f1d3d601800661d75b180c688ec47fe1f164ccfd593c22bae8fd3d2715f
capability_non_claims: []
capability_non_claims_sha256: 4f53cda18c2baa0c0354bb5f9a3ecbe5ed12ab4d8e11ba873c2f11161202b945
scope: '8.8.0 minor release second follow-up: verify F1 and F2 blockers resolved'
attempt_id: review-20260916T115208Z-1966439
boundary_mode: read-only-worker
boundary_fingerprint: null
prompt_sha256: 494388e1198778e2f87f21390c4c2ff61531afd3caed57835f8d38a292572d8f
schema_sha256: 67288fc99eab9333366dfd0e07094b5b9dfec0f91f95b4e4cdc8a508a41c0304
receipt_schema_version: charness.reviewer_worker.v1
receipt_status: succeeded
receipt_path: /home/hwidong/codes/charness/.charness/scratch/critique-review/review-a3774125c0fadd729196a7bccd4da99a/receipt.json
ledger_path: /home/hwidong/codes/charness/.charness/scratch/critique-review/review-a3774125c0fadd729196a7bccd4da99a/delivery.json
producer_run_id: run-review-20260916T115208Z-1966439
producer_binding:
  output_file: /home/hwidong/codes/charness/.charness/scratch/critique-review/review-a3774125c0fadd729196a7bccd4da99a/result.json
  receipt_file: /home/hwidong/codes/charness/.charness/scratch/critique-review/review-a3774125c0fadd729196a7bccd4da99a/receipt.json
  producer_run_id: run-review-20260916T115208Z-1966439
delivery_state: findings-received
approval_eligible: true
provenance_ok: true
receipt_ok: true
ledger_ok: true
result_schema_ok: true
coverage_ok: null
expected_targets: null
expected_targets_sha256: null
collection_ready: true
partial_output: null
partial_output_ok: false
review_verdict: pass
receipt_provenance_ok: true
findings_identity: ba94e7df07fa5078be49b8eea20e797863600346389e0e0aaae9c3e94f68381f
receipt_output_sha256: ba94e7df07fa5078be49b8eea20e797863600346389e0e0aaae9c3e94f68381f
packet_identity: 6e8d2d1a036a819349cba6e0cec7195793c426062b9b1b2898fee202ba03a224
reviewed_input_identity: ce08896ab9c2efab13b34fa0bd240e17f321374025590e3c2392bf6a255e4cc4
parent_receipt_identity: parent-9f0013b51848c4d43ffabb1decb911acb6113d5e88080ee4
provenance:
  scope: '8.8.0 minor release second follow-up: verify F1 and F2 blockers resolved'
  packet_identity: 6e8d2d1a036a819349cba6e0cec7195793c426062b9b1b2898fee202ba03a224
  reviewed_input_identity: ce08896ab9c2efab13b34fa0bd240e17f321374025590e3c2392bf6a255e4cc4
  parent_receipt_identity: parent-9f0013b51848c4d43ffabb1decb911acb6113d5e88080ee4
  expected_targets_sha256: null
  attempt_id: review-20260916T115208Z-1966439
  attempt_scope: '8.8.0 minor release second follow-up: verify F1 and F2 blockers
    resolved'
  attempt_packet_identity: 6e8d2d1a036a819349cba6e0cec7195793c426062b9b1b2898fee202ba03a224
  attempt_parent_receipt_identity: parent-9f0013b51848c4d43ffabb1decb911acb6113d5e88080ee4
  result_packet_identity: 6e8d2d1a036a819349cba6e0cec7195793c426062b9b1b2898fee202ba03a224
  result_reviewed_input_identity: ce08896ab9c2efab13b34fa0bd240e17f321374025590e3c2392bf6a255e4cc4
  boundary_mode: read-only-worker
  boundary_fingerprint: null
  execution_mode: file-backed-worker
  backend: codex_exec
  prompt_sha256: 494388e1198778e2f87f21390c4c2ff61531afd3caed57835f8d38a292572d8f
  schema_sha256: 67288fc99eab9333366dfd0e07094b5b9dfec0f91f95b4e4cdc8a508a41c0304
  capability_launch_envelope_sha256: 28cb0f1d3d601800661d75b180c688ec47fe1f164ccfd593c22bae8fd3d2715f
  capability_non_claims_sha256: 4f53cda18c2baa0c0354bb5f9a3ecbe5ed12ab4d8e11ba873c2f11161202b945
reason: typed worker receipt and matching delivery ledger permit approval
partial_output_reason: worker did not preserve partial output bytes
