schema_version: charness.reviewer_worker_report.v1
execution_mode: file-backed-worker
backend: codex_exec
capability_status: ready
capability_envelope_sha256: 28cb0f1d3d601800661d75b180c688ec47fe1f164ccfd593c22bae8fd3d2715f
capability_launch_envelope_sha256: 28cb0f1d3d601800661d75b180c688ec47fe1f164ccfd593c22bae8fd3d2715f
capability_collection_envelope_sha256: 28cb0f1d3d601800661d75b180c688ec47fe1f164ccfd593c22bae8fd3d2715f
capability_non_claims: []
capability_non_claims_sha256: 4f53cda18c2baa0c0354bb5f9a3ecbe5ed12ab4d8e11ba873c2f11161202b945
scope: 'release record claims audit for v8.9.6: version, notes figures, verification
  lines, closeout linkage'
attempt_id: v896-claims
boundary_mode: read-only-worker
boundary_fingerprint: null
prompt_sha256: a4fd4f6a6eacd78c15541976fd2e75c49b5167ccb8dca3b12efc613e9b1391fb
schema_sha256: 67288fc99eab9333366dfd0e07094b5b9dfec0f91f95b4e4cdc8a508a41c0304
receipt_schema_version: charness.reviewer_worker.v1
receipt_status: succeeded
receipt_path: /home/hwidong/codes/charness/.charness/scratch/critique-review/review-c7687df563b55e099f77751bd2c9aaab/receipt.json
ledger_path: /home/hwidong/codes/charness/.charness/scratch/critique-review/review-c7687df563b55e099f77751bd2c9aaab/delivery.json
producer_run_id: run-v896-claims
producer_binding:
  output_file: /home/hwidong/codes/charness/.charness/scratch/critique-review/review-c7687df563b55e099f77751bd2c9aaab/result.json
  receipt_file: /home/hwidong/codes/charness/.charness/scratch/critique-review/review-c7687df563b55e099f77751bd2c9aaab/receipt.json
  producer_run_id: run-v896-claims
delivery_state: findings-received
approval_eligible: false
provenance_ok: true
receipt_ok: true
ledger_ok: true
result_schema_ok: true
coverage_ok: null
expected_targets: null
expected_targets_sha256: null
collection_ready: true
partial_output: null
partial_output_ok: false
review_verdict: block
receipt_provenance_ok: true
findings_identity: f28eaddd4db69334141ac5123d246ee12d11013aaea57ea18020051fbf1b3159
receipt_output_sha256: f28eaddd4db69334141ac5123d246ee12d11013aaea57ea18020051fbf1b3159
packet_identity: bc5e5ce26c1e68fd7547c4bccbc8756ebaf25e0cb2ae2b0f30b3b7d609600ed8
reviewed_input_identity: 28035dc693f1d32daabd1375506a7df604c5c0594971f7ae9f65b01aa2067cff
parent_receipt_identity: parent-67f2536818cf127b396c14ffe07b8cd8403542cd3fce4808
provenance:
  scope: 'release record claims audit for v8.9.6: version, notes figures, verification
    lines, closeout linkage'
  packet_identity: bc5e5ce26c1e68fd7547c4bccbc8756ebaf25e0cb2ae2b0f30b3b7d609600ed8
  reviewed_input_identity: 28035dc693f1d32daabd1375506a7df604c5c0594971f7ae9f65b01aa2067cff
  parent_receipt_identity: parent-67f2536818cf127b396c14ffe07b8cd8403542cd3fce4808
  expected_targets_sha256: null
  attempt_id: v896-claims
  attempt_scope: 'release record claims audit for v8.9.6: version, notes figures,
    verification lines, closeout linkage'
  attempt_packet_identity: bc5e5ce26c1e68fd7547c4bccbc8756ebaf25e0cb2ae2b0f30b3b7d609600ed8
  attempt_parent_receipt_identity: parent-67f2536818cf127b396c14ffe07b8cd8403542cd3fce4808
  result_packet_identity: bc5e5ce26c1e68fd7547c4bccbc8756ebaf25e0cb2ae2b0f30b3b7d609600ed8
  result_reviewed_input_identity: 28035dc693f1d32daabd1375506a7df604c5c0594971f7ae9f65b01aa2067cff
  boundary_mode: read-only-worker
  boundary_fingerprint: null
  execution_mode: file-backed-worker
  backend: codex_exec
  prompt_sha256: a4fd4f6a6eacd78c15541976fd2e75c49b5167ccb8dca3b12efc613e9b1391fb
  schema_sha256: 67288fc99eab9333366dfd0e07094b5b9dfec0f91f95b4e4cdc8a508a41c0304
  capability_launch_envelope_sha256: 28cb0f1d3d601800661d75b180c688ec47fe1f164ccfd593c22bae8fd3d2715f
  capability_non_claims_sha256: 4f53cda18c2baa0c0354bb5f9a3ecbe5ed12ab4d8e11ba873c2f11161202b945
reason: 'typed reviewer verdict is not pass: ''block'''
partial_output_reason: worker did not preserve partial output bytes
