schema_version: charness.reviewer_worker_report.v1
execution_mode: file-backed-worker
backend: codex_exec
capability_status: ready
capability_envelope_sha256: 28cb0f1d3d601800661d75b180c688ec47fe1f164ccfd593c22bae8fd3d2715f
capability_launch_envelope_sha256: 28cb0f1d3d601800661d75b180c688ec47fe1f164ccfd593c22bae8fd3d2715f
capability_collection_envelope_sha256: 28cb0f1d3d601800661d75b180c688ec47fe1f164ccfd593c22bae8fd3d2715f
capability_non_claims: []
capability_non_claims_sha256: 4f53cda18c2baa0c0354bb5f9a3ecbe5ed12ab4d8e11ba873c2f11161202b945
scope: release-critique
attempt_id: v895-release-critique-a2
boundary_mode: read-only-worker
boundary_fingerprint: null
prompt_sha256: fb9a5ae7052a53321ec7bb070701f25cd911daecb1206724e90f9fea094bfdb3
schema_sha256: 67288fc99eab9333366dfd0e07094b5b9dfec0f91f95b4e4cdc8a508a41c0304
receipt_schema_version: charness.reviewer_worker.v1
receipt_status: succeeded
receipt_path: /home/hwidong/codes/charness/.charness/scratch/critique-review/review-98a9bd77f1a3aafeb8736a41329940e0/receipt.json
ledger_path: /home/hwidong/codes/charness/.charness/scratch/critique-review/review-98a9bd77f1a3aafeb8736a41329940e0/delivery.json
producer_run_id: run-v895-release-critique-a2
producer_binding:
  output_file: /home/hwidong/codes/charness/.charness/scratch/critique-review/review-98a9bd77f1a3aafeb8736a41329940e0/result.json
  receipt_file: /home/hwidong/codes/charness/.charness/scratch/critique-review/review-98a9bd77f1a3aafeb8736a41329940e0/receipt.json
  producer_run_id: run-v895-release-critique-a2
delivery_state: findings-received
approval_eligible: false
provenance_ok: true
receipt_ok: true
ledger_ok: true
result_schema_ok: true
coverage_ok: true
expected_targets:
- task-run-persist-scope
- release-resume-notes-placeholder
- staged-eviction-owner
- worker-expected-targets
- prepared-target-worker-wiring
- lane-target-declaration
expected_targets_sha256: dc07f3a4b97dfd9bd64d1515a3e1fbbb559dce4bd01962383d065d02a39f85fe
collection_ready: true
partial_output: null
partial_output_ok: false
review_verdict: block
receipt_provenance_ok: true
findings_identity: 3eafc9d0524f628786b87c61792ff13fd85cdd9b50814f862082b3aced008e9b
receipt_output_sha256: 3eafc9d0524f628786b87c61792ff13fd85cdd9b50814f862082b3aced008e9b
packet_identity: cf8bec24ffb7da50349880fef61f76f6e257ca525b4c425f47c1c583236a6dff
reviewed_input_identity: 61980aa61e018101fb70232df87fea73a8a46e7fde7183a960ab68164cb6e20f
parent_receipt_identity: parent-ab88a8990700b77438cafc0ab3ad820842f6a688a7babfac
provenance:
  scope: release-critique
  packet_identity: cf8bec24ffb7da50349880fef61f76f6e257ca525b4c425f47c1c583236a6dff
  reviewed_input_identity: 61980aa61e018101fb70232df87fea73a8a46e7fde7183a960ab68164cb6e20f
  parent_receipt_identity: parent-ab88a8990700b77438cafc0ab3ad820842f6a688a7babfac
  expected_targets_sha256: dc07f3a4b97dfd9bd64d1515a3e1fbbb559dce4bd01962383d065d02a39f85fe
  attempt_id: v895-release-critique-a2
  attempt_scope: release-critique
  attempt_packet_identity: cf8bec24ffb7da50349880fef61f76f6e257ca525b4c425f47c1c583236a6dff
  attempt_parent_receipt_identity: parent-ab88a8990700b77438cafc0ab3ad820842f6a688a7babfac
  result_packet_identity: cf8bec24ffb7da50349880fef61f76f6e257ca525b4c425f47c1c583236a6dff
  result_reviewed_input_identity: 61980aa61e018101fb70232df87fea73a8a46e7fde7183a960ab68164cb6e20f
  boundary_mode: read-only-worker
  boundary_fingerprint: null
  execution_mode: file-backed-worker
  backend: codex_exec
  prompt_sha256: fb9a5ae7052a53321ec7bb070701f25cd911daecb1206724e90f9fea094bfdb3
  schema_sha256: 67288fc99eab9333366dfd0e07094b5b9dfec0f91f95b4e4cdc8a508a41c0304
  capability_launch_envelope_sha256: 28cb0f1d3d601800661d75b180c688ec47fe1f164ccfd593c22bae8fd3d2715f
  capability_non_claims_sha256: 4f53cda18c2baa0c0354bb5f9a3ecbe5ed12ab4d8e11ba873c2f11161202b945
reason: 'typed reviewer verdict is not pass: ''block'''
partial_output_reason: worker did not preserve partial output bytes
