schema_version: charness.reviewer_worker_report.v1
execution_mode: file-backed-worker
backend: codex_exec
capability_status: ready
capability_envelope_sha256: 28cb0f1d3d601800661d75b180c688ec47fe1f164ccfd593c22bae8fd3d2715f
capability_launch_envelope_sha256: 28cb0f1d3d601800661d75b180c688ec47fe1f164ccfd593c22bae8fd3d2715f
capability_collection_envelope_sha256: 28cb0f1d3d601800661d75b180c688ec47fe1f164ccfd593c22bae8fd3d2715f
capability_non_claims: []
capability_non_claims_sha256: 4f53cda18c2baa0c0354bb5f9a3ecbe5ed12ab4d8e11ba873c2f11161202b945
scope: 'issue-resolution #877 #878 #879: verify each fix resolves its reported defect'
attempt_id: release-8-14-3-issue-resolution-r4
boundary_mode: read-only-worker
boundary_fingerprint: null
prompt_sha256: 0fa927bbdd92c7f315245822a6858a2e993a4d353fe845632667489dfb5f2f54
schema_sha256: 67288fc99eab9333366dfd0e07094b5b9dfec0f91f95b4e4cdc8a508a41c0304
receipt_schema_version: charness.reviewer_worker.v1
receipt_status: succeeded
receipt_path: /home/hwidong/codes/charness/.charness/scratch/critique-review/review-109bb779a762bf545844bbb57fa4c774/receipt.json
ledger_path: /home/hwidong/codes/charness/.charness/scratch/critique-review/review-109bb779a762bf545844bbb57fa4c774/delivery.json
producer_run_id: run-release-8-14-3-issue-resolution-r4
producer_binding:
  output_file: /home/hwidong/codes/charness/.charness/scratch/critique-review/review-109bb779a762bf545844bbb57fa4c774/result.json
  receipt_file: /home/hwidong/codes/charness/.charness/scratch/critique-review/review-109bb779a762bf545844bbb57fa4c774/receipt.json
  producer_run_id: run-release-8-14-3-issue-resolution-r4
delivery_state: findings-received
approval_eligible: false
provenance_ok: true
receipt_ok: true
ledger_ok: true
result_schema_ok: true
coverage_ok: null
expected_targets: null
expected_targets_sha256: null
collection_ready: true
partial_output: null
partial_output_ok: false
review_verdict: block
receipt_provenance_ok: true
findings_identity: dae633b9bd87d6d247e05b30c2be0209ec631219fb5ba1daf0e2b568ce294257
receipt_output_sha256: dae633b9bd87d6d247e05b30c2be0209ec631219fb5ba1daf0e2b568ce294257
packet_identity: 7b526dd42e04e826789eef393c415457b089f3e60542ec09b573029617edfd47
reviewed_input_identity: 096cf0e174a71287f34cb7eac2c1e4be56df92a990e6edf7e88ba235a338125b
parent_receipt_identity: parent-c770bedda0a612be1d5086237c65083d765b7add2deffd45
provenance:
  scope: 'issue-resolution #877 #878 #879: verify each fix resolves its reported defect'
  packet_identity: 7b526dd42e04e826789eef393c415457b089f3e60542ec09b573029617edfd47
  reviewed_input_identity: 096cf0e174a71287f34cb7eac2c1e4be56df92a990e6edf7e88ba235a338125b
  parent_receipt_identity: parent-c770bedda0a612be1d5086237c65083d765b7add2deffd45
  expected_targets_sha256: null
  attempt_id: release-8-14-3-issue-resolution-r4
  attempt_scope: 'issue-resolution #877 #878 #879: verify each fix resolves its reported
    defect'
  attempt_packet_identity: 7b526dd42e04e826789eef393c415457b089f3e60542ec09b573029617edfd47
  attempt_parent_receipt_identity: parent-c770bedda0a612be1d5086237c65083d765b7add2deffd45
  result_packet_identity: 7b526dd42e04e826789eef393c415457b089f3e60542ec09b573029617edfd47
  result_reviewed_input_identity: 096cf0e174a71287f34cb7eac2c1e4be56df92a990e6edf7e88ba235a338125b
  boundary_mode: read-only-worker
  boundary_fingerprint: null
  execution_mode: file-backed-worker
  backend: codex_exec
  prompt_sha256: 0fa927bbdd92c7f315245822a6858a2e993a4d353fe845632667489dfb5f2f54
  schema_sha256: 67288fc99eab9333366dfd0e07094b5b9dfec0f91f95b4e4cdc8a508a41c0304
  capability_launch_envelope_sha256: 28cb0f1d3d601800661d75b180c688ec47fe1f164ccfd593c22bae8fd3d2715f
  capability_non_claims_sha256: 4f53cda18c2baa0c0354bb5f9a3ecbe5ed12ab4d8e11ba873c2f11161202b945
reason: 'typed reviewer verdict is not pass: ''block'''
partial_output_reason: worker did not preserve partial output bytes
