schema_version: charness.reviewer_worker_report.v1
execution_mode: file-backed-worker
backend: codex_exec
capability_status: ready
capability_envelope_sha256: 28cb0f1d3d601800661d75b180c688ec47fe1f164ccfd593c22bae8fd3d2715f
capability_launch_envelope_sha256: 28cb0f1d3d601800661d75b180c688ec47fe1f164ccfd593c22bae8fd3d2715f
capability_collection_envelope_sha256: 28cb0f1d3d601800661d75b180c688ec47fe1f164ccfd593c22bae8fd3d2715f
capability_non_claims: []
capability_non_claims_sha256: 4f53cda18c2baa0c0354bb5f9a3ecbe5ed12ab4d8e11ba873c2f11161202b945
scope: require-change phase observability, no-progress guard, unchanged-interrupt
  classification
attempt_id: v896-critique-a
boundary_mode: read-only-worker
boundary_fingerprint: null
prompt_sha256: d18476a5245b9d899ed49a1fc1154eb09a6cd860152c9813e295de3b41acfe72
schema_sha256: 67288fc99eab9333366dfd0e07094b5b9dfec0f91f95b4e4cdc8a508a41c0304
receipt_schema_version: charness.reviewer_worker.v1
receipt_status: succeeded
receipt_path: /home/hwidong/codes/charness/.charness/scratch/critique-review/review-7853dfbf270a729b74fac2cb33fb23d7/receipt.json
ledger_path: /home/hwidong/codes/charness/.charness/scratch/critique-review/review-7853dfbf270a729b74fac2cb33fb23d7/delivery.json
producer_run_id: run-v896-critique-a
producer_binding:
  output_file: /home/hwidong/codes/charness/.charness/scratch/critique-review/review-7853dfbf270a729b74fac2cb33fb23d7/result.json
  receipt_file: /home/hwidong/codes/charness/.charness/scratch/critique-review/review-7853dfbf270a729b74fac2cb33fb23d7/receipt.json
  producer_run_id: run-v896-critique-a
delivery_state: findings-received
approval_eligible: false
provenance_ok: true
receipt_ok: true
ledger_ok: true
result_schema_ok: true
coverage_ok: null
expected_targets: null
expected_targets_sha256: null
collection_ready: true
partial_output: null
partial_output_ok: false
review_verdict: block
receipt_provenance_ok: true
findings_identity: 4ae775e19c26186ef6cb3d7abcbee813eeb7d4df2d3d1f0cbb043e7690fc28f4
receipt_output_sha256: 4ae775e19c26186ef6cb3d7abcbee813eeb7d4df2d3d1f0cbb043e7690fc28f4
packet_identity: 4318d6c44241dde775fb6b5390e58992c15a4b5d5e1dee757fb7e542f38ba129
reviewed_input_identity: f6083ade41edf3d3e0acef9fcc57a0b5a6014f8e410e49c3b4c513ca2b5484b4
parent_receipt_identity: parent-e417c05ed87b4424c48a6939f405c9b389ec1dbf2d74261f
provenance:
  scope: require-change phase observability, no-progress guard, unchanged-interrupt
    classification
  packet_identity: 4318d6c44241dde775fb6b5390e58992c15a4b5d5e1dee757fb7e542f38ba129
  reviewed_input_identity: f6083ade41edf3d3e0acef9fcc57a0b5a6014f8e410e49c3b4c513ca2b5484b4
  parent_receipt_identity: parent-e417c05ed87b4424c48a6939f405c9b389ec1dbf2d74261f
  expected_targets_sha256: null
  attempt_id: v896-critique-a
  attempt_scope: require-change phase observability, no-progress guard, unchanged-interrupt
    classification
  attempt_packet_identity: 4318d6c44241dde775fb6b5390e58992c15a4b5d5e1dee757fb7e542f38ba129
  attempt_parent_receipt_identity: parent-e417c05ed87b4424c48a6939f405c9b389ec1dbf2d74261f
  result_packet_identity: 4318d6c44241dde775fb6b5390e58992c15a4b5d5e1dee757fb7e542f38ba129
  result_reviewed_input_identity: f6083ade41edf3d3e0acef9fcc57a0b5a6014f8e410e49c3b4c513ca2b5484b4
  boundary_mode: read-only-worker
  boundary_fingerprint: null
  execution_mode: file-backed-worker
  backend: codex_exec
  prompt_sha256: d18476a5245b9d899ed49a1fc1154eb09a6cd860152c9813e295de3b41acfe72
  schema_sha256: 67288fc99eab9333366dfd0e07094b5b9dfec0f91f95b4e4cdc8a508a41c0304
  capability_launch_envelope_sha256: 28cb0f1d3d601800661d75b180c688ec47fe1f164ccfd593c22bae8fd3d2715f
  capability_non_claims_sha256: 4f53cda18c2baa0c0354bb5f9a3ecbe5ed12ab4d8e11ba873c2f11161202b945
reason: 'typed reviewer verdict is not pass: ''block'''
partial_output_reason: worker did not preserve partial output bytes
