schema_version: charness.reviewer_worker_report.v1
execution_mode: file-backed-worker
backend: codex_exec
capability_status: ready
capability_envelope_sha256: 28cb0f1d3d601800661d75b180c688ec47fe1f164ccfd593c22bae8fd3d2715f
capability_launch_envelope_sha256: 28cb0f1d3d601800661d75b180c688ec47fe1f164ccfd593c22bae8fd3d2715f
capability_collection_envelope_sha256: 28cb0f1d3d601800661d75b180c688ec47fe1f164ccfd593c22bae8fd3d2715f
capability_non_claims: []
capability_non_claims_sha256: 4f53cda18c2baa0c0354bb5f9a3ecbe5ed12ab4d8e11ba873c2f11161202b945
scope: 'issue-resolution #877 #878 #879: verify each fix resolves its reported defect'
attempt_id: release-8-14-3-issue-resolution-r8
boundary_mode: read-only-worker
boundary_fingerprint: null
prompt_sha256: fb7b71cc43769f5cc63375970a10697e3b854ba909e956d092469e6f79456ef9
schema_sha256: 67288fc99eab9333366dfd0e07094b5b9dfec0f91f95b4e4cdc8a508a41c0304
receipt_schema_version: charness.reviewer_worker.v1
receipt_status: succeeded
receipt_path: /home/hwidong/codes/charness/.charness/scratch/critique-review/review-7f284f90a8fe77e873ecee6689899fef/receipt.json
ledger_path: /home/hwidong/codes/charness/.charness/scratch/critique-review/review-7f284f90a8fe77e873ecee6689899fef/delivery.json
producer_run_id: run-release-8-14-3-issue-resolution-r8
producer_binding:
  output_file: /home/hwidong/codes/charness/.charness/scratch/critique-review/review-7f284f90a8fe77e873ecee6689899fef/result.json
  receipt_file: /home/hwidong/codes/charness/.charness/scratch/critique-review/review-7f284f90a8fe77e873ecee6689899fef/receipt.json
  producer_run_id: run-release-8-14-3-issue-resolution-r8
delivery_state: findings-received
approval_eligible: false
provenance_ok: true
receipt_ok: true
ledger_ok: true
result_schema_ok: true
coverage_ok: true
expected_targets:
- corca-ai/charness#877
- corca-ai/charness#878
- corca-ai/charness#879
expected_targets_sha256: a6536564ca23f1304b141da3548eda70df549dca9a8081c51431de77c54985df
collection_ready: true
partial_output: null
partial_output_ok: false
review_verdict: block
receipt_provenance_ok: true
findings_identity: a5f3594427371aec39ad18663efaf477760e43f3a76d8a79553e7aaadbbb9d94
receipt_output_sha256: a5f3594427371aec39ad18663efaf477760e43f3a76d8a79553e7aaadbbb9d94
packet_identity: 49aa79fefc4c28b3a990c0e4099c15108478b3b71a5ca3ccd1cf0700f6735bb8
reviewed_input_identity: 4898db70983f13992348b852dd5cd2f6fd48520cf0365f501ea10ef6ef8dcf76
parent_receipt_identity: parent-bff2754757524022ef477113ef229f0bde51960b5f13aec2
provenance:
  scope: 'issue-resolution #877 #878 #879: verify each fix resolves its reported defect'
  packet_identity: 49aa79fefc4c28b3a990c0e4099c15108478b3b71a5ca3ccd1cf0700f6735bb8
  reviewed_input_identity: 4898db70983f13992348b852dd5cd2f6fd48520cf0365f501ea10ef6ef8dcf76
  parent_receipt_identity: parent-bff2754757524022ef477113ef229f0bde51960b5f13aec2
  expected_targets_sha256: a6536564ca23f1304b141da3548eda70df549dca9a8081c51431de77c54985df
  attempt_id: release-8-14-3-issue-resolution-r8
  attempt_scope: 'issue-resolution #877 #878 #879: verify each fix resolves its reported
    defect'
  attempt_packet_identity: 49aa79fefc4c28b3a990c0e4099c15108478b3b71a5ca3ccd1cf0700f6735bb8
  attempt_parent_receipt_identity: parent-bff2754757524022ef477113ef229f0bde51960b5f13aec2
  result_packet_identity: 49aa79fefc4c28b3a990c0e4099c15108478b3b71a5ca3ccd1cf0700f6735bb8
  result_reviewed_input_identity: 4898db70983f13992348b852dd5cd2f6fd48520cf0365f501ea10ef6ef8dcf76
  boundary_mode: read-only-worker
  boundary_fingerprint: null
  execution_mode: file-backed-worker
  backend: codex_exec
  prompt_sha256: fb7b71cc43769f5cc63375970a10697e3b854ba909e956d092469e6f79456ef9
  schema_sha256: 67288fc99eab9333366dfd0e07094b5b9dfec0f91f95b4e4cdc8a508a41c0304
  capability_launch_envelope_sha256: 28cb0f1d3d601800661d75b180c688ec47fe1f164ccfd593c22bae8fd3d2715f
  capability_non_claims_sha256: 4f53cda18c2baa0c0354bb5f9a3ecbe5ed12ab4d8e11ba873c2f11161202b945
reason: 'typed reviewer verdict is not pass: ''block'''
partial_output_reason: worker did not preserve partial output bytes
