schema_version: charness.reviewer_worker_report.v1
execution_mode: file-backed-worker
backend: codex_exec
capability_status: ready
capability_envelope_sha256: 28cb0f1d3d601800661d75b180c688ec47fe1f164ccfd593c22bae8fd3d2715f
capability_launch_envelope_sha256: 28cb0f1d3d601800661d75b180c688ec47fe1f164ccfd593c22bae8fd3d2715f
capability_collection_envelope_sha256: 28cb0f1d3d601800661d75b180c688ec47fe1f164ccfd593c22bae8fd3d2715f
capability_non_claims: []
capability_non_claims_sha256: 4f53cda18c2baa0c0354bb5f9a3ecbe5ed12ab4d8e11ba873c2f11161202b945
scope: 'v8.14.3 patch: three issue fixes (877/878/879) plus focused tests'
attempt_id: release-8-14-3-correctness
boundary_mode: read-only-worker
boundary_fingerprint: null
prompt_sha256: bbb6de484f9e76130df8d3334a2d19d516d0302f69880cb4a8f2d57d65fe3a9d
schema_sha256: 67288fc99eab9333366dfd0e07094b5b9dfec0f91f95b4e4cdc8a508a41c0304
receipt_schema_version: charness.reviewer_worker.v1
receipt_status: succeeded
receipt_path: /home/hwidong/codes/charness/.charness/scratch/critique-review/review-b8e554fd83f8cf0d4d52809cf8583884/receipt.json
ledger_path: /home/hwidong/codes/charness/.charness/scratch/critique-review/review-b8e554fd83f8cf0d4d52809cf8583884/delivery.json
producer_run_id: run-release-8-14-3-correctness
producer_binding:
  output_file: /home/hwidong/codes/charness/.charness/scratch/critique-review/review-b8e554fd83f8cf0d4d52809cf8583884/result.json
  receipt_file: /home/hwidong/codes/charness/.charness/scratch/critique-review/review-b8e554fd83f8cf0d4d52809cf8583884/receipt.json
  producer_run_id: run-release-8-14-3-correctness
delivery_state: findings-received
approval_eligible: false
provenance_ok: true
receipt_ok: true
ledger_ok: true
result_schema_ok: true
coverage_ok: null
expected_targets: null
expected_targets_sha256: null
collection_ready: true
partial_output: null
partial_output_ok: false
review_verdict: block
receipt_provenance_ok: true
findings_identity: eeaa5a2ad269f23ab539c57aabaad5dee1908a0358507d4e44081a5abd80e467
receipt_output_sha256: eeaa5a2ad269f23ab539c57aabaad5dee1908a0358507d4e44081a5abd80e467
packet_identity: b70bcfcc539aae78fff31ca37b98bdcad0a74d9e1655fb57287a2c4483bd0b4a
reviewed_input_identity: 77bcdf33b86992299c08edb518ffa99ec0de6c20cc705834b418c454d1936bc6
parent_receipt_identity: parent-ea48a41896bf851dbf0d086a45380225058f85207041204a
provenance:
  scope: 'v8.14.3 patch: three issue fixes (877/878/879) plus focused tests'
  packet_identity: b70bcfcc539aae78fff31ca37b98bdcad0a74d9e1655fb57287a2c4483bd0b4a
  reviewed_input_identity: 77bcdf33b86992299c08edb518ffa99ec0de6c20cc705834b418c454d1936bc6
  parent_receipt_identity: parent-ea48a41896bf851dbf0d086a45380225058f85207041204a
  expected_targets_sha256: null
  attempt_id: release-8-14-3-correctness
  attempt_scope: 'v8.14.3 patch: three issue fixes (877/878/879) plus focused tests'
  attempt_packet_identity: b70bcfcc539aae78fff31ca37b98bdcad0a74d9e1655fb57287a2c4483bd0b4a
  attempt_parent_receipt_identity: parent-ea48a41896bf851dbf0d086a45380225058f85207041204a
  result_packet_identity: b70bcfcc539aae78fff31ca37b98bdcad0a74d9e1655fb57287a2c4483bd0b4a
  result_reviewed_input_identity: 77bcdf33b86992299c08edb518ffa99ec0de6c20cc705834b418c454d1936bc6
  boundary_mode: read-only-worker
  boundary_fingerprint: null
  execution_mode: file-backed-worker
  backend: codex_exec
  prompt_sha256: bbb6de484f9e76130df8d3334a2d19d516d0302f69880cb4a8f2d57d65fe3a9d
  schema_sha256: 67288fc99eab9333366dfd0e07094b5b9dfec0f91f95b4e4cdc8a508a41c0304
  capability_launch_envelope_sha256: 28cb0f1d3d601800661d75b180c688ec47fe1f164ccfd593c22bae8fd3d2715f
  capability_non_claims_sha256: 4f53cda18c2baa0c0354bb5f9a3ecbe5ed12ab4d8e11ba873c2f11161202b945
reason: 'typed reviewer verdict is not pass: ''block'''
partial_output_reason: worker did not preserve partial output bytes
