schema_version: charness.reviewer_worker_report.v1
execution_mode: file-backed-worker
backend: codex_exec
capability_status: ready
capability_envelope_sha256: 28cb0f1d3d601800661d75b180c688ec47fe1f164ccfd593c22bae8fd3d2715f
capability_launch_envelope_sha256: 28cb0f1d3d601800661d75b180c688ec47fe1f164ccfd593c22bae8fd3d2715f
capability_collection_envelope_sha256: 28cb0f1d3d601800661d75b180c688ec47fe1f164ccfd593c22bae8fd3d2715f
capability_non_claims: []
capability_non_claims_sha256: 4f53cda18c2baa0c0354bb5f9a3ecbe5ed12ab4d8e11ba873c2f11161202b945
scope: 'issue-resolution: review resolution/recurrence and per-target behavioral observations
  for corca-ai/charness#813; do not merely diagnose causes'
attempt_id: issue-813-resolution-operability
boundary_mode: read-only-worker
boundary_fingerprint: null
prompt_sha256: e0f1461f3ba34b25aa01b4b923efa7c499b7e04c309af95a3e3f7d83f672e158
schema_sha256: 67288fc99eab9333366dfd0e07094b5b9dfec0f91f95b4e4cdc8a508a41c0304
receipt_schema_version: charness.reviewer_worker.v1
receipt_status: succeeded
receipt_path: /home/hwidong/codes/charness/.charness/scratch/critique-review/review-49dc71d63dae72f03aa5c7abd9861592/receipt.json
ledger_path: /home/hwidong/codes/charness/.charness/scratch/critique-review/review-49dc71d63dae72f03aa5c7abd9861592/delivery.json
producer_run_id: run-issue-813-resolution-operability
producer_binding:
  output_file: /home/hwidong/codes/charness/.charness/scratch/critique-review/review-49dc71d63dae72f03aa5c7abd9861592/result.json
  receipt_file: /home/hwidong/codes/charness/.charness/scratch/critique-review/review-49dc71d63dae72f03aa5c7abd9861592/receipt.json
  producer_run_id: run-issue-813-resolution-operability
delivery_state: findings-received
approval_eligible: false
provenance_ok: true
receipt_ok: true
ledger_ok: true
result_schema_ok: true
collection_ready: true
partial_output: null
partial_output_ok: false
review_verdict: block
receipt_provenance_ok: true
findings_identity: 80fb81294ba9e47df1b424a44dbbb5a90b3ee283e7da0ca19a08066d1a6c28f0
receipt_output_sha256: 80fb81294ba9e47df1b424a44dbbb5a90b3ee283e7da0ca19a08066d1a6c28f0
packet_identity: d2a196cffe726c5a0ef04f4da5f5d9912e4dbd414ce7ea76e43552e1f591c93e
reviewed_input_identity: e2903a3d6e63ffaae7abc7cd11e43d69fa9d6b116d9238e83148d9b1e160683e
parent_receipt_identity: parent-50cccc01da2d0b4fe4f4a0634149d978acbd7647c41b0db6
provenance:
  scope: 'issue-resolution: review resolution/recurrence and per-target behavioral
    observations for corca-ai/charness#813; do not merely diagnose causes'
  packet_identity: d2a196cffe726c5a0ef04f4da5f5d9912e4dbd414ce7ea76e43552e1f591c93e
  reviewed_input_identity: e2903a3d6e63ffaae7abc7cd11e43d69fa9d6b116d9238e83148d9b1e160683e
  parent_receipt_identity: parent-50cccc01da2d0b4fe4f4a0634149d978acbd7647c41b0db6
  attempt_id: issue-813-resolution-operability
  attempt_scope: 'issue-resolution: review resolution/recurrence and per-target behavioral
    observations for corca-ai/charness#813; do not merely diagnose causes'
  attempt_packet_identity: d2a196cffe726c5a0ef04f4da5f5d9912e4dbd414ce7ea76e43552e1f591c93e
  attempt_parent_receipt_identity: parent-50cccc01da2d0b4fe4f4a0634149d978acbd7647c41b0db6
  result_packet_identity: d2a196cffe726c5a0ef04f4da5f5d9912e4dbd414ce7ea76e43552e1f591c93e
  result_reviewed_input_identity: e2903a3d6e63ffaae7abc7cd11e43d69fa9d6b116d9238e83148d9b1e160683e
  boundary_mode: read-only-worker
  boundary_fingerprint: null
  execution_mode: file-backed-worker
  backend: codex_exec
  prompt_sha256: e0f1461f3ba34b25aa01b4b923efa7c499b7e04c309af95a3e3f7d83f672e158
  schema_sha256: 67288fc99eab9333366dfd0e07094b5b9dfec0f91f95b4e4cdc8a508a41c0304
  capability_launch_envelope_sha256: 28cb0f1d3d601800661d75b180c688ec47fe1f164ccfd593c22bae8fd3d2715f
  capability_non_claims_sha256: 4f53cda18c2baa0c0354bb5f9a3ecbe5ed12ab4d8e11ba873c2f11161202b945
reason: 'typed reviewer verdict is not pass: ''block'''
partial_output_reason: worker did not preserve partial output bytes
